verilog2ipxact:                  verilog2ipxact
verilog2ipxact:               Version: 08SEP2026 Released on 08 September 2026
verilog2ipxact:          Support info: help@edautils.com
verilog2ipxact:      
verilog2ipxact:      Copyright (c) 2012-2025 EDAUtils LLP
verilog2ipxact:      All rights reserved.
verilog2ipxact:       
verilog2ipxact:           
verilog2ipxact:      IN NO EVENT SHALL EDAUtils BE LIABLE TO ANY PARTY FOR 
verilog2ipxact:      DIRECT, INDIRECT, SPECIAL, INCIDENTAL, OR CONSEQUENTIAL
verilog2ipxact:      DAMAGES, INCLUDING LOST PROFITS, ARISING OUT OF THE USE 
verilog2ipxact:      OF THIS SOFTWARE AND ITS DOCUMENTATION, EVEN IF 
verilog2ipxact:      EDAUtils HAS BEEN ADVISED OF THE POSSIBILITY OF SUCH 
verilog2ipxact:      DAMAGE. EDAUtils SPECIFICALLY DISCLAIMS ANY WARRANTIES,
verilog2ipxact:      INCLUDING, BUT NOT LIMITED TO, THE IMPLIED WARRANTIES OF
verilog2ipxact:      MERCHANTABILITY AND FITNESS FOR A PARTICULAR PURPOSE. THE
verilog2ipxact:      SOFTWARE PROVIDED HEREUNDER IS ON AN "AS IS" BASIS, AND 
verilog2ipxact:      EDAUtils HAS NO OBLIGATIONS TO PROVIDE MAINTENANCE,
verilog2ipxact:      SUPPORT, UPDATES, ENHANCEMENTS, OR MODIFICATIONS.
verilog2ipxact:      USER SHALL NOT, DIRECTLY, INDIRECTLY, ALONE, OR WITH
verilog2ipxact:      ANOTHER PARTY, (i) COPY, DISASSEMBLE, REVERSE ENGINEER, OR
verilog2ipxact:      DECOMPILE THE TOOL(S) (ii) MODIFY, CREATE DERIVATIVE TOOLS BASED
verilog2ipxact:      UPON, OR TRANSLATE THE TOOL(S) (iii) LICENSE, SELL, RENT, LEASE,
verilog2ipxact:      TRANSFER, GRANT ANY RIGHTS IN OR OTHERWISE COMMERCIALLY 
verilog2ipxact:      EXPLOIT THE TOOL(S) IN ANY FORM TO ANY OTHER PARTY, NOR SHALL
verilog2ipxact:      USER ATTEMPT TO DO ANY OF THE FOREGOING OR CAUSE OR PERMIT
verilog2ipxact:      ANY THIRD PARTY TO DO OR ATTEMPT TO DO ANY OF THE FOREGOING,
verilog2ipxact:      EXCEPT AS EXPRESSLY PERMITTED HEREUNDER. YOU ACKNOWLEDGE
verilog2ipxact:      AND AGREE THAT EDAUtils SHALL OWN ALL RIGHT, TITLE AND INTEREST
verilog2ipxact:      IN AND TO ALL INTELLECTUAL PROPERTY RIGHTS (INCLUDING
verilog2ipxact:      ALL DERIVATIVES OR IMPROVEMENTS THEREOF) IN THE TOOL(S) AND
verilog2ipxact:      ANY SUGGESTIONS, ENHANCEMENT REQUESTS, FEEDBACK,
verilog2ipxact:      RECOMMENDATIONS OR OTHER INFORMATION PROVIDED BY USERS
verilog2ipxact:      RELATING TO THE TOOL(S).
verilog2ipxact:             
verilog2ipxact: Note: 53274: Running with option:  -in mem.v -top mem -out mem.xml -v2014 -vlnv iiitd.ac.in:addv2026:mem:1.0  ...
verilog2ipxact: Note: 51451: Parsing input file : /home/kabeer/ADDV/A2/mem.v
verilog2ipxact: Note: 51456: Completed parsing input file : /home/kabeer/ADDV/A2/mem.v
verilog2ipxact: Note: 51306: Populating datamodel from parsetree for file : /home/kabeer/ADDV/A2/mem.v
verilog2ipxact: Note: 50477: Completed populating datamodel from parsetree for file : /home/kabeer/ADDV/A2/mem.v
verilog2ipxact: Note: 52239: Completed  parsing ...
verilog2ipxact: Note: 52808: Memory usage after elaboration ...
verilog2ipxact: Note: 54250: Creating ip-xact component mem.xml ... 
verilog2ipxact: Note: 56725: Successfully created IP-XACT file : mem.xml
verilog2ipxact: Note: 54269: created ip-xact mem.xml ... 
verilog2ipxact: Note: 53250: Found 0 error(s) and 0 warning(s) ...
verilog2ipxact: Note: 53257: Thank you for using this utility
verilog2ipxact: Note: 53263: Send your suggestion/feedback to help@edautils.com
verilog2ipxact: Note: 53270: Exiting ...

